--- 2D Vector Dot Product ---
Dot product of
[2, 3]
and
[4, 5]
is:
23

--- 2x2 Matrix Multiplication ---
Resulting Matrix C:
[19, 22]
[43, 50]

--- Euclidean Distance Squared ---
Squared distance between
[1, 4]
and
[5, 8]
is:
32

--- Recursion Test: Factorial ---
Factorial of 5 is:
120

--- Benchmark: 1000x1000 Matrix Ops Simulation ---
Executing 1,000,000,000 multiplications (Please wait a second)...
Final row computed result:
249500250000

--- Visual M x J Matrix Result ---
Multiplying a 4x3 matrix with a 3x4 matrix...
[6, 9, 12, 15]
[12, 15, 18, 21]
[18, 21, 24, 27]
[24, 27, 30, 33]

--- 3D Vector Cross Product ---
Cross product of
[1, 2, 3]
and
[4, 5, 6]
is:
[-3, 6, -3]

--- 8. 50x50 True Array Matrix Multiplication ---
Allocating 50x50 matrices (A and B)...
Matrices allocated! Shape of A:
[50, 50]
Computing m_A x m_B...
50x50 Matrix Multiplication Completed!
Sample Output (m_C[49][49]):
300